
> sakai-ng@21.0.0 start
> ng serve --host 0.0.0.0 --port 4200

[33m>[39m Building...
[32m√[39m Building...
[1mInitial chunk files[22m[2m | [22m[1mNames[22m        [2m | [22m [1mRaw size[22m
[32mmain.js[39m            [2m | [22m[2mmain[22m         [2m | [22m [36m90.24 kB[39m[2m | [22m
[32mstyles.css[39m         [2m | [22m[2mstyles[22m       [2m | [22m [36m65.72 kB[39m[2m | [22m
[32mchunk-VUMKIHW3.js[39m  [2m | [22m[2m-[22m            [2m | [22m [36m27.43 kB[39m[2m | [22m
[32mchunk-LFJ6EQOZ.js[39m  [2m | [22m[2m-[22m            [2m | [22m  [36m9.18 kB[39m[2m | [22m
[32mchunk-I6RU6LCL.js[39m  [2m | [22m[2m-[22m            [2m | [22m  [36m4.95 kB[39m[2m | [22m
[32mchunk-OM6CTUPH.js[39m  [2m | [22m[2m-[22m            [2m | [22m  [36m4.36 kB[39m[2m | [22m
[32mchunk-6L35TGTA.js[39m  [2m | [22m[2m-[22m            [2m | [22m  [36m2.17 kB[39m[2m | [22m
[32mchunk-NLOBX2G3.js[39m  [2m | [22m[2m-[22m            [2m | [22m  [36m1.23 kB[39m[2m | [22m
[32mchunk-SS4PQ2RX.js[39m  [2m | [22m[2m-[22m            [2m | [22m  [36m1.12 kB[39m[2m | [22m

[1m [22m                  [2m | [22m[1mInitial total[22m[2m | [22m[1m206.40 kB[22m

[1mLazy chunk files[22m   [2m | [22m[1mNames[22m        [2m | [22m [1mRaw size[22m
[32mchunk-U45X6E6C.js[39m  [2m | [22m[2mentrevistas[22m  [2m | [22m[36m118.51 kB[39m[2m | [22m
[32mchunk-FKHPOGVT.js[39m  [2m | [22m[2mauditoria[22m    [2m | [22m [36m83.93 kB[39m[2m | [22m
[32mchunk-KRMPLETF.js[39m  [2m | [22m[2mmetodologia[22m  [2m | [22m [36m79.59 kB[39m[2m | [22m
[32mchunk-UBWVQLGW.js[39m  [2m | [22m[2mreporteria[22m   [2m | [22m [36m76.65 kB[39m[2m | [22m
[32mchunk-6I7I2PAZ.js[39m  [2m | [22m[2mseleccion[22m    [2m | [22m [36m70.56 kB[39m[2m | [22m
[32mchunk-HKYVPJUZ.js[39m  [2m | [22m[2musuarios[22m     [2m | [22m [36m33.41 kB[39m[2m | [22m
[32mchunk-LJ4XJWUR.js[39m  [2m | [22m[2mauth-routes[22m  [2m | [22m [36m33.21 kB[39m[2m | [22m
[32mchunk-4XMQC4I4.js[39m  [2m | [22m[2mcies-routes[22m  [2m | [22m  [36m1.37 kB[39m[2m | [22m

Application bundle generation complete. [4.322 seconds] - 2026-04-14T18:36:28.028Z

Watch mode enabled. Watching for file changes...
NOTE: Raw file sizes do not reflect development server per-request transformations.
[2m14:36:28[22m [36m[1m[vite][22m[39m [90m[2m(client)[22m[39m Re-optimizing dependencies because vite config has changed
  [32m➜[39m  [1mLocal[22m:   [36mhttp://localhost:[1m4200[22m/[39m
  [32m➜[39m  [1mNetwork[22m: [36mhttp://26.202.142.183:[1m4200[22m/[39m
  [32m➜[39m  [1mNetwork[22m: [36mhttp://192.168.1.6:[1m4200[22m/[39m
