[1m[33m
Warning: This is a simple server for use in testing or debugging Angular applications
locally. It hasn't been reviewed for security issues.

Binding this server to an open connection can result in compromising your application or
computer. Using a different host than the one passed to the "--host" flag might result in
websocket connection issues. You might need to use "--disable-host-check" if that's the
case.
    [39m[22m
[1m[31m[31mX [41;31m[[41;97mERROR[41;31m][0m [1mTS2322: Type '(req: HttpRequest<unknown>, next: HttpHandlerFn) => Observable<HttpSentEvent | HttpHeaderResponse | HttpDownloadProgressEvent | HttpUploadProgressEvent | HttpResponse<...> | HttpUserEvent<...> | HttpErrorResponse>' is not assignable to type 'HttpInterceptorFn'.
  Type 'Observable<HttpSentEvent | HttpHeaderResponse | HttpDownloadProgressEvent | HttpUploadProgressEvent | HttpResponse<...> | HttpUserEvent<...> | HttpErrorResponse>' is not assignable to type 'Observable<HttpEvent<unknown>>'.
    Type 'HttpSentEvent | HttpHeaderResponse | HttpDownloadProgressEvent | HttpUploadProgressEvent | HttpResponse<...> | HttpUserEvent<...> | HttpErrorResponse' is not assignable to type 'HttpEvent<unknown>'.
      Type 'HttpErrorResponse' is not assignable to type 'HttpEvent<unknown>'.
        Type 'HttpErrorResponse' is not assignable to type 'HttpHeaderResponse | HttpResponse<unknown>'.
          Type 'HttpErrorResponse' is missing the following properties from type 'HttpResponse<unknown>': body, clone[0m [1m[35m[plugin angular-compiler][0m

    src/app/core/auth/auth.interceptor.ts:75:13:
[37m      75 │ export const [32mauthInterceptor[37m: HttpInterceptorFn = (req, next) => {
         ╵              [32m~~~~~~~~~~~~~~~[0m

[39m[22m
[1m[31m[31mX [41;31m[[41;97mERROR[41;31m][0m [1mTS2322: Type '(req: HttpRequest<unknown>, next: HttpHandlerFn) => Observable<HttpSentEvent | HttpHeaderResponse | HttpDownloadProgressEvent | HttpUploadProgressEvent | HttpResponse<...> | HttpUserEvent<...> | HttpErrorResponse>' is not assignable to type 'HttpInterceptorFn'.
  Type 'Observable<HttpSentEvent | HttpHeaderResponse | HttpDownloadProgressEvent | HttpUploadProgressEvent | HttpResponse<...> | HttpUserEvent<...> | HttpErrorResponse>' is not assignable to type 'Observable<HttpEvent<unknown>>'.
    Type 'HttpSentEvent | HttpHeaderResponse | HttpDownloadProgressEvent | HttpUploadProgressEvent | HttpResponse<...> | HttpUserEvent<...> | HttpErrorResponse' is not assignable to type 'HttpEvent<unknown>'.
      Type 'HttpErrorResponse' is not assignable to type 'HttpEvent<unknown>'.
        Type 'HttpErrorResponse' is not assignable to type 'HttpHeaderResponse | HttpResponse<unknown>'.
          Type 'HttpErrorResponse' is missing the following properties from type 'HttpResponse<unknown>': body, clone[0m [1m[35m[plugin angular-compiler][0m

    src/app/core/auth/auth.interceptor.ts:75:13:
[37m      75 │ export const [32mauthInterceptor[37m: HttpInterceptorFn = (req, next) => {
         ╵              [32m~~~~~~~~~~~~~~~[0m

[39m[22m
[1m[31m[31mX [41;31m[[41;97mERROR[41;31m][0m [1mTS2322: Type '(req: HttpRequest<unknown>, next: HttpHandlerFn) => Observable<HttpSentEvent | HttpHeaderResponse | HttpDownloadProgressEvent | HttpUploadProgressEvent | HttpResponse<...> | HttpUserEvent<...> | HttpErrorResponse>' is not assignable to type 'HttpInterceptorFn'.
  Type 'Observable<HttpSentEvent | HttpHeaderResponse | HttpDownloadProgressEvent | HttpUploadProgressEvent | HttpResponse<...> | HttpUserEvent<...> | HttpErrorResponse>' is not assignable to type 'Observable<HttpEvent<unknown>>'.
    Type 'HttpSentEvent | HttpHeaderResponse | HttpDownloadProgressEvent | HttpUploadProgressEvent | HttpResponse<...> | HttpUserEvent<...> | HttpErrorResponse' is not assignable to type 'HttpEvent<unknown>'.
      Type 'HttpErrorResponse' is not assignable to type 'HttpEvent<unknown>'.
        Type 'HttpErrorResponse' is not assignable to type 'HttpHeaderResponse | HttpResponse<unknown>'.
          Type 'HttpErrorResponse' is missing the following properties from type 'HttpResponse<unknown>': body, clone[0m [1m[35m[plugin angular-compiler][0m

    src/app/core/auth/auth.interceptor.ts:75:13:
[37m      75 │ export const [32mauthInterceptor[37m: HttpInterceptorFn = (req, next) => {
         ╵              [32m~~~~~~~~~~~~~~~[0m

[39m[22m
